Received S2C message: ROOM_LIST { type: 'ROOM_LIST', rooms: [] }
Received S2C message: ROOM_STATE {
  type: 'ROOM_STATE',
  code: 'F6WD',
  phase: 'lobby',
  hostSlot: 0,
  players: [
    {
      slot: 0,
      name: 'Player 1',
      colour: '#ff00ff',
      connected: true,
      alive: true,
      roundsWon: 0
    }
  ],
  round: 1,
  totalRounds: 1,
  createdAt: 1787444497391,
  playerToken: '56e1afc7135166e4478cbffcec752e21',
  yourSlot: 0
}
Received S2C message: ROOM_LIST { type: 'ROOM_LIST', rooms: [] }
Received S2C message: ROOM_STATE {
  type: 'ROOM_STATE',
  code: 'F6WD',
  phase: 'lobby',
  hostSlot: 0,
  players: [
    {
      slot: 0,
      name: 'Player 1',
      colour: '#ff00ff',
      connected: true,
      alive: true,
      roundsWon: 0
    },
    {
      slot: 1,
      name: 'Player 2',
      colour: '#00ffff',
      connected: true,
      alive: true,
      roundsWon: 0
    }
  ],
  round: 1,
  totalRounds: 1,
  createdAt: 1787444497391,
  playerToken: '1352b6c14cf3243c098a496d33e21231',
  yourSlot: 1
}
Received S2C message: ROOM_STATE {
  type: 'ROOM_STATE',
  code: 'F6WD',
  phase: 'lobby',
  hostSlot: 0,
  players: [
    {
      slot: 0,
      name: 'Player 1',
      colour: '#ff00ff',
      connected: true,
      alive: true,
      roundsWon: 0
    },
    {
      slot: 1,
      name: 'Player 2',
      colour: '#00ffff',
      connected: true,
      alive: true,
      roundsWon: 0
    }
  ],
  round: 1,
  totalRounds: 1,
  createdAt: 1787444497391
}
Received S2C message: ROOM_STATE {
  type: 'ROOM_STATE',
  code: 'F6WD',
  phase: 'lobby',
  hostSlot: 0,
  players: [
    {
      slot: 0,
      name: 'Player 1',
      colour: '#ff00ff',
      connected: true,
      alive: true,
      roundsWon: 0
    },
    {
      slot: 1,
      name: 'Player 2',
      colour: '#00ffff',
      connected: true,
      alive: true,
      roundsWon: 0
    }
  ],
  round: 1,
  totalRounds: 1,
  createdAt: 1787444497391
}
Received S2C message: ROUND_START {
  type: 'ROUND_START',
  seed: 421903436,
  wind: -80,
  turnOrder: [ 0, 1 ],
  tanks: [
    { slot: 0, name: 'Player 1', colour: '#ff00ff' },
    { slot: 1, name: 'Player 2', colour: '#00ffff' }
  ],
  yourSlot: 0,
  config: {
    rounds: 1,
    startingCash: 10000,
    wallType: 'off',
    weaponsAvailability: 'all',
    gravity: 260,
    windVariability: 'changing-per-round',
    terrainStyle: 'random',
    hillCount: 'normal',
    flatness: 'normal'
  },
  round: 1,
  totalRounds: 1
}
Received S2C message: ROUND_START {
  type: 'ROUND_START',
  seed: 421903436,
  wind: -80,
  turnOrder: [ 0, 1 ],
  tanks: [
    { slot: 0, name: 'Player 1', colour: '#ff00ff' },
    { slot: 1, name: 'Player 2', colour: '#00ffff' }
  ],
  yourSlot: 1,
  config: {
    rounds: 1,
    startingCash: 10000,
    wallType: 'off',
    weaponsAvailability: 'all',
    gravity: 260,
    windVariability: 'changing-per-round',
    terrainStyle: 'random',
    hillCount: 'normal',
    flatness: 'normal'
  },
  round: 1,
  totalRounds: 1
}
Received S2C message: FIRE_SYNC {
  type: 'FIRE_SYNC',
  shotId: 1,
  shooterSlot: 0,
  angle: 90,
  power: 10,
  vx: 6.123233995736766e-16,
  vy: -10,
  wind: -80,
  weapon: 'Baby Missile'
}
Received S2C message: FIRE_SYNC {
  type: 'FIRE_SYNC',
  shotId: 1,
  shooterSlot: 0,
  angle: 90,
  power: 10,
  vx: 6.123233995736766e-16,
  vy: -10,
  wind: -80,
  weapon: 'Baby Missile'
}
Received S2C message: TURN_SYNC { type: 'TURN_SYNC', activeSlot: 1, turnNumber: 2 }
Received S2C message: TURN_SYNC { type: 'TURN_SYNC', activeSlot: 1, turnNumber: 2 }
▶ Browser wiring: two clients play a real match
  ✔ host creates, guest joins by share code, a shot resolves identically on both (157.4001ms)
Received S2C message: ROOM_LIST { type: 'ROOM_LIST', rooms: [] }
Received S2C message: ERROR { type: 'ERROR', code: 'UNKNOWN_ROOM', message: 'UNKNOWN_ROOM' }
Server ERROR: UNKNOWN_ROOM UNKNOWN_ROOM
  ✔ a bad share code surfaces a readable error and does not join (16.0117ms)
Received S2C message: ROOM_LIST { type: 'ROOM_LIST', rooms: [] }
  ✔ a malformed share code is rejected client-side (59.8414ms)
✔ Browser wiring: two clients play a real match (323.3626ms)
▶ Terrain Generation Determinism Tests
  ✔ generateTerrain(12345, w, h) twice produces deep-equal heightmaps (14.5766ms)
  ✔ Two different seeds produce different heightmaps (3.0621ms)
  ✔ The generator is pure (interleaved calls do not perturb repeats) (3.1794ms)
  ✔ The module source contains no Math.random (0.8121ms)
  ✔ Terrain generated for a fixed seed is byte-identical no matter how many gameplay draws precede it (38.4594ms)
✔ Terrain Generation Determinism Tests (74.4929ms)
▶ Deterministic Trig Helpers & Source Guard Tests
  ✔ detSin, detCos, and detTan track Math counterparts within stated tolerance across swept range (28.2006ms)
  ✔ Source guard: Simulation path contains no bare Math.sin, Math.cos, Math.tan, Math.hypot, Math.atan2, Math.pow, or Math.random (23.8431ms)
✔ Deterministic Trig Helpers & Source Guard Tests (52.9918ms)
▶ Disconnect Handling & Turn Skippings
  ✔ (1) disconnecting the active player advances the turn and broadcasts TURN_SYNC + PLAYER_LEFT (5.9614ms)
  ✔ (2) an off-turn disconnect changes no active slot until the cursor reaches that slot, which is then skipped (1.8194ms)
  ✔ (3) a 4-player round continues to completion with 3 (1.8511ms)
  ✔ (4) the slot is marked connected === false, not removed (0.6713ms)
  ✔ (5) host disconnect moves hostSlot to the lowest connected slot (0.7498ms)
  ✔ (6) disconnecting everyone parks the room at phase === "paused" and returns rather than hanging (0.6969ms)
✔ Disconnect Handling & Turn Skippings (15.6491ms)
▶ Game Simulation Determinism
  ✔ identically simulates identical inputs with no float drift (418.3023ms)
  ✔ replays the tunnelling, hopping and terrain-shaping weapons identically (500.6374ms)
  ✔ keeps the shared RNG stream aligned across mixed weapon rounds (424.341ms)
✔ Game Simulation Determinism (1347.4372ms)
▶ Multi-round online matches
  ✔ enters a shop intermission instead of ending a non-final round (8.2808ms)
  ✔ starts the next round only after every connected player leaves the shop (2.579ms)
  ✔ revives eliminated players for the new round (3.7897ms)
  ✔ rotates which slot opens each round (1.3838ms)
  ✔ tracks rounds won and ends the match on the final round (1.3932ms)
  ✔ clamps a hostile round count instead of trusting it (1.1334ms)
  ✔ does not let a player who drops in the shop stall the match (3.2484ms)
  ✔ refuses SHOP_DONE outside the shop intermission (7.5826ms)
  ✔ lets a player rejoin during the shop intermission (1.4397ms)
  ✔ stamps an abandoned shopping room so the sweep can reap it (2.0151ms)
✔ Multi-round online matches (36.9075ms)
▶ Server authority over movement inputs
  ✔ relays a drive from the active player to everyone (4.76ms)
  ✔ refuses a drive from a player whose turn it is not (2.3922ms)
  ✔ refuses a drive once the shot is in the air (1.5892ms)
  ✔ rejects a malformed direction rather than coercing it (1.1325ms)
  ✔ caps a burst so one message cannot cross the map (0.9214ms)
  ✔ mints a teleport destination inside the world (1.2622ms)
✔ Server authority over movement inputs (15.2609ms)
Received S2C message: ROOM_LIST { type: 'ROOM_LIST', rooms: [] }
Received S2C message: ROOM_STATE {
  type: 'ROOM_STATE',
  code: 'UZQN',
  phase: 'lobby',
  hostSlot: 0,
  players: [
    {
      slot: 0,
      name: 'Player 1',
      colour: '#ff00ff',
      connected: true,
      alive: true,
      roundsWon: 0
    }
  ],
  round: 1,
  totalRounds: 1,
  createdAt: 1787444498045,
  playerToken: '4960da723dc9e2d93faf9f8c6785ffa9',
  yourSlot: 0
}
Received S2C message: ROOM_LIST { type: 'ROOM_LIST', rooms: [] }
Received S2C message: ROOM_STATE {
  type: 'ROOM_STATE',
  code: 'UZQN',
  phase: 'lobby',
  hostSlot: 0,
  players: [
    {
      slot: 0,
      name: 'Player 1',
      colour: '#ff00ff',
      connected: true,
      alive: true,
      roundsWon: 0
    },
    {
      slot: 1,
      name: 'Player 2',
      colour: '#00ffff',
      connected: true,
      alive: true,
      roundsWon: 0
    }
  ],
  round: 1,
  totalRounds: 1,
  createdAt: 1787444498045,
  playerToken: '8a4697f89175de3b055ccbf241d69369',
  yourSlot: 1
}
Received S2C message: ROOM_STATE {
  type: 'ROOM_STATE',
  code: 'UZQN',
  phase: 'lobby',
  hostSlot: 0,
  players: [
    {
      slot: 0,
      name: 'Player 1',
      colour: '#ff00ff',
      connected: true,
      alive: true,
      roundsWon: 0
    },
    {
      slot: 1,
      name: 'Player 2',
      colour: '#00ffff',
      connected: true,
      alive: true,
      roundsWon: 0
    }
  ],
  round: 1,
  totalRounds: 1,
  createdAt: 1787444498045
}
Received S2C message: ROUND_START {
  type: 'ROUND_START',
  seed: 1115366466,
  wind: 72,
  turnOrder: [ 0, 1 ],
  tanks: [
    { slot: 0, name: 'Player 1', colour: '#ff00ff' },
    { slot: 1, name: 'Player 2', colour: '#00ffff' }
  ],
  yourSlot: 1,
  config: {
    rounds: 1,
    startingCash: 10000,
    wallType: 'off',
    weaponsAvailability: 'all',
    gravity: 260,
    windVariability: 'changing-per-round',
    terrainStyle: 'random',
    hillCount: 'normal',
    flatness: 'normal'
  },
  round: 1,
  totalRounds: 1
}
Received S2C message: ROOM_STATE {
  type: 'ROOM_STATE',
  code: 'UZQN',
  phase: 'lobby',
  hostSlot: 0,
  players: [
    {
      slot: 0,
      name: 'Player 1',
      colour: '#ff00ff',
      connected: true,
      alive: true,
      roundsWon: 0
    },
    {
      slot: 1,
      name: 'Player 2',
      colour: '#00ffff',
      connected: true,
      alive: true,
      roundsWon: 0
    }
  ],
  round: 1,
  totalRounds: 1,
  createdAt: 1787444498045
}
Received S2C message: ROUND_START {
  type: 'ROUND_START',
  seed: 1115366466,
  wind: 72,
  turnOrder: [ 0, 1 ],
  tanks: [
    { slot: 0, name: 'Player 1', colour: '#ff00ff' },
    { slot: 1, name: 'Player 2', colour: '#00ffff' }
  ],
  yourSlot: 0,
  config: {
    rounds: 1,
    startingCash: 10000,
    wallType: 'off',
    weaponsAvailability: 'all',
    gravity: 260,
    windVariability: 'changing-per-round',
    terrainStyle: 'random',
    hillCount: 'normal',
    flatness: 'normal'
  },
  round: 1,
  totalRounds: 1
}
Received S2C message: MOVE_SYNC { type: 'MOVE_SYNC', slot: 0, dir: 1, steps: 1 }
Received S2C message: MOVE_SYNC { type: 'MOVE_SYNC', slot: 0, dir: 1, steps: 1 }
Received S2C message: MOVE_SYNC { type: 'MOVE_SYNC', slot: 0, dir: 1, steps: 1 }
Received S2C message: MOVE_SYNC { type: 'MOVE_SYNC', slot: 0, dir: 1, steps: 1 }
Received S2C message: MOVE_SYNC { type: 'MOVE_SYNC', slot: 0, dir: 1, steps: 1 }
Received S2C message: MOVE_SYNC { type: 'MOVE_SYNC', slot: 0, dir: 1, steps: 1 }
Received S2C message: MOVE_SYNC { type: 'MOVE_SYNC', slot: 0, dir: 1, steps: 1 }
Received S2C message: MOVE_SYNC { type: 'MOVE_SYNC', slot: 0, dir: 1, steps: 1 }
Received S2C message: MOVE_SYNC { type: 'MOVE_SYNC', slot: 0, dir: 1, steps: 1 }
Received S2C message: MOVE_SYNC { type: 'MOVE_SYNC', slot: 0, dir: 1, steps: 1 }
Received S2C message: MOVE_SYNC { type: 'MOVE_SYNC', slot: 0, dir: 1, steps: 1 }
Received S2C message: MOVE_SYNC { type: 'MOVE_SYNC', slot: 0, dir: 1, steps: 1 }
▶ Movement stays in lockstep across clients
  ✔ drives the same tank to the same pixel on both clients (143.3865ms)
Received S2C message: ROOM_LIST { type: 'ROOM_LIST', rooms: [] }
Received S2C message: ROOM_STATE {
  type: 'ROOM_STATE',
  code: 'MQVU',
  phase: 'lobby',
  hostSlot: 0,
  players: [
    {
      slot: 0,
      name: 'Player 1',
      colour: '#ff00ff',
      connected: true,
      alive: true,
      roundsWon: 0
    }
  ],
  round: 1,
  totalRounds: 1,
  createdAt: 1787444498099,
  playerToken: '4acfaa6ea22c030e0bfd45daff897657',
  yourSlot: 0
}
Received S2C message: ROOM_LIST { type: 'ROOM_LIST', rooms: [] }
Received S2C message: ROOM_STATE {
  type: 'ROOM_STATE',
  code: 'MQVU',
  phase: 'lobby',
  hostSlot: 0,
  players: [
    {
      slot: 0,
      name: 'Player 1',
      colour: '#ff00ff',
      connected: true,
      alive: true,
      roundsWon: 0
    },
    {
      slot: 1,
      name: 'Player 2',
      colour: '#00ffff',
      connected: true,
      alive: true,
      roundsWon: 0
    }
  ],
  round: 1,
  totalRounds: 1,
  createdAt: 1787444498099,
  playerToken: '16257a71b22e5c4b263428d8babfcf66',
  yourSlot: 1
}
Received S2C message: ROOM_STATE {
  type: 'ROOM_STATE',
  code: 'MQVU',
  phase: 'lobby',
  hostSlot: 0,
  players: [
    {
      slot: 0,
      name: 'Player 1',
      colour: '#ff00ff',
      connected: true,
      alive: true,
      roundsWon: 0
    },
    {
      slot: 1,
      name: 'Player 2',
      colour: '#00ffff',
      connected: true,
      alive: true,
      roundsWon: 0
    }
  ],
  round: 1,
  totalRounds: 1,
  createdAt: 1787444498099
}
Received S2C message: ROUND_START {
  type: 'ROUND_START',
  seed: 3594314258,
  wind: 129,
  turnOrder: [ 0, 1 ],
  tanks: [
    { slot: 0, name: 'Player 1', colour: '#ff00ff' },
    { slot: 1, name: 'Player 2', colour: '#00ffff' }
  ],
  yourSlot: 1,
  config: {
    rounds: 1,
    startingCash: 10000,
    wallType: 'off',
    weaponsAvailability: 'all',
    gravity: 260,
    windVariability: 'changing-per-round',
    terrainStyle: 'random',
    hillCount: 'normal',
    flatness: 'normal'
  },
  round: 1,
  totalRounds: 1
}
Received S2C message: ROOM_STATE {
  type: 'ROOM_STATE',
  code: 'MQVU',
  phase: 'lobby',
  hostSlot: 0,
  players: [
    {
      slot: 0,
      name: 'Player 1',
      colour: '#ff00ff',
      connected: true,
      alive: true,
      roundsWon: 0
    },
    {
      slot: 1,
      name: 'Player 2',
      colour: '#00ffff',
      connected: true,
      alive: true,
      roundsWon: 0
    }
  ],
  round: 1,
  totalRounds: 1,
  createdAt: 1787444498099
}
Received S2C message: ROUND_START {
  type: 'ROUND_START',
  seed: 3594314258,
  wind: 129,
  turnOrder: [ 0, 1 ],
  tanks: [
    { slot: 0, name: 'Player 1', colour: '#ff00ff' },
    { slot: 1, name: 'Player 2', colour: '#00ffff' }
  ],
  yourSlot: 0,
  config: {
    rounds: 1,
    startingCash: 10000,
    wallType: 'off',
    weaponsAvailability: 'all',
    gravity: 260,
    windVariability: 'changing-per-round',
    terrainStyle: 'random',
    hillCount: 'normal',
    flatness: 'normal'
  },
  round: 1,
  totalRounds: 1
}
Received S2C message: MOVE_SYNC { type: 'MOVE_SYNC', slot: 0, dir: -1, steps: 1 }
Received S2C message: MOVE_SYNC { type: 'MOVE_SYNC', slot: 0, dir: -1, steps: 1 }
  ✔ spends the driver fuel and nobody else (40.3188ms)
Received S2C message: ROOM_LIST { type: 'ROOM_LIST', rooms: [] }
Received S2C message: ROOM_STATE {
  type: 'ROOM_STATE',
  code: 'H6JB',
  phase: 'lobby',
  hostSlot: 0,
  players: [
    {
      slot: 0,
      name: 'Player 1',
      colour: '#ff00ff',
      connected: true,
      alive: true,
      roundsWon: 0
    }
  ],
  round: 1,
  totalRounds: 1,
  createdAt: 1787444498143,
  playerToken: 'f58da52366d6beec1c4a0345e509877f',
  yourSlot: 0
}
Received S2C message: ROOM_LIST { type: 'ROOM_LIST', rooms: [] }
Received S2C message: ROOM_STATE {
  type: 'ROOM_STATE',
  code: 'H6JB',
  phase: 'lobby',
  hostSlot: 0,
  players: [
    {
      slot: 0,
      name: 'Player 1',
      colour: '#ff00ff',
      connected: true,
      alive: true,
      roundsWon: 0
    },
    {
      slot: 1,
      name: 'Player 2',
      colour: '#00ffff',
      connected: true,
      alive: true,
      roundsWon: 0
    }
  ],
  round: 1,
  totalRounds: 1,
  createdAt: 1787444498143,
  playerToken: '320f3a22cce943956442d27eeee73f54',
  yourSlot: 1
}
Received S2C message: ROOM_STATE {
  type: 'ROOM_STATE',
  code: 'H6JB',
  phase: 'lobby',
  hostSlot: 0,
  players: [
    {
      slot: 0,
      name: 'Player 1',
      colour: '#ff00ff',
      connected: true,
      alive: true,
      roundsWon: 0
    },
    {
      slot: 1,
      name: 'Player 2',
      colour: '#00ffff',
      connected: true,
      alive: true,
      roundsWon: 0
    }
  ],
  round: 1,
  totalRounds: 1,
  createdAt: 1787444498143
}
Received S2C message: ROUND_START {
  type: 'ROUND_START',
  seed: 3232828460,
  wind: 74,
  turnOrder: [ 0, 1 ],
  tanks: [
    { slot: 0, name: 'Player 1', colour: '#ff00ff' },
    { slot: 1, name: 'Player 2', colour: '#00ffff' }
  ],
  yourSlot: 1,
  config: {
    rounds: 1,
    startingCash: 10000,
    wallType: 'off',
    weaponsAvailability: 'all',
    gravity: 260,
    windVariability: 'changing-per-round',
    terrainStyle: 'random',
    hillCount: 'normal',
    flatness: 'normal'
  },
  round: 1,
  totalRounds: 1
}
Received S2C message: ROOM_STATE {
  type: 'ROOM_STATE',
  code: 'H6JB',
  phase: 'lobby',
  hostSlot: 0,
  players: [
    {
      slot: 0,
      name: 'Player 1',
      colour: '#ff00ff',
      connected: true,
      alive: true,
      roundsWon: 0
    },
    {
      slot: 1,
      name: 'Player 2',
      colour: '#00ffff',
      connected: true,
      alive: true,
      roundsWon: 0
    }
  ],
  round: 1,
  totalRounds: 1,
  createdAt: 1787444498143
}
Received S2C message: ROUND_START {
  type: 'ROUND_START',
  seed: 3232828460,
  wind: 74,
  turnOrder: [ 0, 1 ],
  tanks: [
    { slot: 0, name: 'Player 1', colour: '#ff00ff' },
    { slot: 1, name: 'Player 2', colour: '#00ffff' }
  ],
  yourSlot: 0,
  config: {
    rounds: 1,
    startingCash: 10000,
    wallType: 'off',
    weaponsAvailability: 'all',
    gravity: 260,
    windVariability: 'changing-per-round',
    terrainStyle: 'random',
    hillCount: 'normal',
    flatness: 'normal'
  },
  round: 1,
  totalRounds: 1
}
  ✔ will not drive on an empty tank (234.1584ms)
Received S2C message: ROOM_LIST { type: 'ROOM_LIST', rooms: [] }
Received S2C message: ROOM_STATE {
  type: 'ROOM_STATE',
  code: 'TNW2',
  phase: 'lobby',
  hostSlot: 0,
  players: [
    {
      slot: 0,
      name: 'Player 1',
      colour: '#ff00ff',
      connected: true,
      alive: true,
      roundsWon: 0
    }
  ],
  round: 1,
  totalRounds: 1,
  createdAt: 1787444498375,
  playerToken: '448043573c9a943fcad59eccedeaacf9',
  yourSlot: 0
}
Received S2C message: ROOM_LIST { type: 'ROOM_LIST', rooms: [] }
Received S2C message: ROOM_STATE {
  type: 'ROOM_STATE',
  code: 'TNW2',
  phase: 'lobby',
  hostSlot: 0,
  players: [
    {
      slot: 0,
      name: 'Player 1',
      colour: '#ff00ff',
      connected: true,
      alive: true,
      roundsWon: 0
    },
    {
      slot: 1,
      name: 'Player 2',
      colour: '#00ffff',
      connected: true,
      alive: true,
      roundsWon: 0
    }
  ],
  round: 1,
  totalRounds: 1,
  createdAt: 1787444498375,
  playerToken: '8a050afbc4889ba66ebb679001328d89',
  yourSlot: 1
}
Received S2C message: ROOM_STATE {
  type: 'ROOM_STATE',
  code: 'TNW2',
  phase: 'lobby',
  hostSlot: 0,
  players: [
    {
      slot: 0,
      name: 'Player 1',
      colour: '#ff00ff',
      connected: true,
      alive: true,
      roundsWon: 0
    },
    {
      slot: 1,
      name: 'Player 2',
      colour: '#00ffff',
      connected: true,
      alive: true,
      roundsWon: 0
    }
  ],
  round: 1,
  totalRounds: 1,
  createdAt: 1787444498375
}
Received S2C message: ROUND_START {
  type: 'ROUND_START',
  seed: 704094277,
  wind: 118,
  turnOrder: [ 0, 1 ],
  tanks: [
    { slot: 0, name: 'Player 1', colour: '#ff00ff' },
    { slot: 1, name: 'Player 2', colour: '#00ffff' }
  ],
  yourSlot: 1,
  config: {
    rounds: 1,
    startingCash: 10000,
    wallType: 'off',
    weaponsAvailability: 'all',
    gravity: 260,
    windVariability: 'changing-per-round',
    terrainStyle: 'random',
    hillCount: 'normal',
    flatness: 'normal'
  },
  round: 1,
  totalRounds: 1
}
Received S2C message: ROOM_STATE {
  type: 'ROOM_STATE',
  code: 'TNW2',
  phase: 'lobby',
  hostSlot: 0,
  players: [
    {
      slot: 0,
      name: 'Player 1',
      colour: '#ff00ff',
      connected: true,
      alive: true,
      roundsWon: 0
    },
    {
      slot: 1,
      name: 'Player 2',
      colour: '#00ffff',
      connected: true,
      alive: true,
      roundsWon: 0
    }
  ],
  round: 1,
  totalRounds: 1,
  createdAt: 1787444498375
}
Received S2C message: ROUND_START {
  type: 'ROUND_START',
  seed: 704094277,
  wind: 118,
  turnOrder: [ 0, 1 ],
  tanks: [
    { slot: 0, name: 'Player 1', colour: '#ff00ff' },
    { slot: 1, name: 'Player 2', colour: '#00ffff' }
  ],
  yourSlot: 0,
  config: {
    rounds: 1,
    startingCash: 10000,
    wallType: 'off',
    weaponsAvailability: 'all',
    gravity: 260,
    windVariability: 'changing-per-round',
    terrainStyle: 'random',
    hillCount: 'normal',
    flatness: 'normal'
  },
  round: 1,
  totalRounds: 1
}
Received S2C message: TELEPORT_SYNC { type: 'TELEPORT_SYNC', slot: 0, x: 1119 }
Received S2C message: TELEPORT_SYNC { type: 'TELEPORT_SYNC', slot: 0, x: 1119 }
  ✔ teleports to the same column on both clients and spends the item (246.3632ms)
✔ Movement stays in lockstep across clients (723.6453ms)
▶ Multiplayer Flow
  ✔ can create a match and second player joins with share code (69.6731ms)
  ✔ handles bad code and full match (110.1029ms)
  ✔ two clients stay byte-identical across a real shot (178.3939ms)
  ✔ rejects an out-of-turn shot rather than desyncing (96.0997ms)
  ✔ handles disconnect and reconnect mid-game (95.2216ms)
  ✔ refuses a rejoin with a bad token (22.7895ms)
✔ Multiplayer Flow (615.1187ms)
Received S2C message: ROOM_LIST { type: 'ROOM_LIST', rooms: [] }
Handler for S2C message ROOM_LIST threw: Error: boom from a handler
    at net.dispatchTable.ROOM_LIST (C:\Users\user\Documents\scorched-earth\tests\net-handler-errors.test.js:39:51)
    at socket.onmessage (evalmachine.<anonymous>:671:15)
    at TestContext.<anonymous> (C:\Users\user\Documents\scorched-earth\tests\net-handler-errors.test.js:40:18)
    at process.processTicksAndRejections (node:internal/process/task_queues:104:5)
    at async Test.run (node:internal/test_runner/test:1125:7)
    at async Promise.all (index 0)
    at async Suite.run (node:internal/test_runner/test:1533:7)
    at async startSubtestAfterBootstrap (node:internal/test_runner/harness:358:3)
Received S2C message: ROOM_LIST { type: 'ROOM_LIST', rooms: [] }
Handler for S2C message ROOM_LIST threw: Error: boom
    at net.dispatchTable.ROOM_LIST (C:\Users\user\Documents\scorched-earth\tests\net-handler-errors.test.js:78:51)
    at socket.onmessage (evalmachine.<anonymous>:671:15)
    at TestContext.<anonymous> (C:\Users\user\Documents\scorched-earth\tests\net-handler-errors.test.js:81:18)
    at process.processTicksAndRejections (node:internal/process/task_queues:104:5)
    at async Test.run (node:internal/test_runner/test:1125:7)
    at async Suite.processPendingSubtests (node:internal/test_runner/test:787:7)
Received S2C message: ROOM_STATE { type: 'ROOM_STATE', code: 'ABCD' }
▶ S2C handler errors
  ✔ reports a throwing handler as HANDLER_ERROR, not PARSE_ERROR (80.8428ms)
  ✔ still reports genuinely malformed frames as PARSE_ERROR (22.205ms)
  ✔ a throwing handler does not stop later messages being handled (16.9983ms)
✔ S2C handler errors (128.4419ms)
▶ the online shop actually renders
  ✔ showShopForPlayer completes without throwing (13.0411ms)
✔ the online shop actually renders (13.3421ms)
Received S2C message: ROOM_LIST { type: 'ROOM_LIST', rooms: [] }
Received S2C message: ROOM_STATE {
  type: 'ROOM_STATE',
  code: 'VRVZ',
  phase: 'lobby',
  hostSlot: 0,
  players: [
    {
      slot: 0,
      name: 'Player 1',
      colour: '#ff00ff',
      connected: true,
      alive: true,
      roundsWon: 0
    }
  ],
  round: 1,
  totalRounds: 1,
  createdAt: 1787444499076,
  playerToken: '3be9d85179e27cb269714932a5bc1cd3',
  yourSlot: 0
}
Received S2C message: ROOM_LIST { type: 'ROOM_LIST', rooms: [] }
Received S2C message: ROOM_STATE {
  type: 'ROOM_STATE',
  code: 'VRVZ',
  phase: 'lobby',
  hostSlot: 0,
  players: [
    {
      slot: 0,
      name: 'Player 1',
      colour: '#ff00ff',
      connected: true,
      alive: true,
      roundsWon: 0
    },
    {
      slot: 1,
      name: 'Player 2',
      colour: '#00ffff',
      connected: true,
      alive: true,
      roundsWon: 0
    }
  ],
  round: 1,
  totalRounds: 1,
  createdAt: 1787444499076,
  playerToken: '4de5efcfe87812eef1a2fbf196214a82',
  yourSlot: 1
}
Received S2C message: ROOM_STATE {
  type: 'ROOM_STATE',
  code: 'VRVZ',
  phase: 'lobby',
  hostSlot: 0,
  players: [
    {
      slot: 0,
      name: 'Player 1',
      colour: '#ff00ff',
      connected: true,
      alive: true,
      roundsWon: 0
    },
    {
      slot: 1,
      name: 'Player 2',
      colour: '#00ffff',
      connected: true,
      alive: true,
      roundsWon: 0
    }
  ],
  round: 1,
  totalRounds: 1,
  createdAt: 1787444499076
}
Received S2C message: ROUND_START {
  type: 'ROUND_START',
  seed: 3136976614,
  wind: -97,
  turnOrder: [ 0, 1 ],
  tanks: [
    { slot: 0, name: 'Player 1', colour: '#ff00ff' },
    { slot: 1, name: 'Player 2', colour: '#00ffff' }
  ],
  yourSlot: 1,
  config: {
    rounds: 2,
    startingCash: 10000,
    wallType: 'off',
    weaponsAvailability: 'all',
    gravity: 260,
    windVariability: 'changing-per-round',
    terrainStyle: 'random',
    hillCount: 'normal',
    flatness: 'normal'
  },
  round: 1,
  totalRounds: 2
}
Received S2C message: ROOM_STATE {
  type: 'ROOM_STATE',
  code: 'VRVZ',
  phase: 'lobby',
  hostSlot: 0,
  players: [
    {
      slot: 0,
      name: 'Player 1',
      colour: '#ff00ff',
      connected: true,
      alive: true,
      roundsWon: 0
    },
    {
      slot: 1,
      name: 'Player 2',
      colour: '#00ffff',
      connected: true,
      alive: true,
      roundsWon: 0
    }
  ],
  round: 1,
  totalRounds: 1,
  createdAt: 1787444499076
}
Received S2C message: ROUND_START {
  type: 'ROUND_START',
  seed: 3136976614,
  wind: -97,
  turnOrder: [ 0, 1 ],
  tanks: [
    { slot: 0, name: 'Player 1', colour: '#ff00ff' },
    { slot: 1, name: 'Player 2', colour: '#00ffff' }
  ],
  yourSlot: 0,
  config: {
    rounds: 2,
    startingCash: 10000,
    wallType: 'off',
    weaponsAvailability: 'all',
    gravity: 260,
    windVariability: 'changing-per-round',
    terrainStyle: 'random',
    hillCount: 'normal',
    flatness: 'normal'
  },
  round: 1,
  totalRounds: 2
}
Received S2C message: FIRE_SYNC {
  type: 'FIRE_SYNC',
  shotId: 1,
  shooterSlot: 0,
  angle: 85,
  power: 150,
  vx: 13.07336141214872,
  vy: -149.42920471376183,
  wind: -97,
  weapon: 'Baby Missile'
}
Received S2C message: FIRE_SYNC {
  type: 'FIRE_SYNC',
  shotId: 1,
  shooterSlot: 0,
  angle: 85,
  power: 150,
  vx: 13.07336141214872,
  vy: -149.42920471376183,
  wind: -97,
  weapon: 'Baby Missile'
}
Received S2C message: ROUND_END {
  type: 'ROUND_END',
  winnerSlot: 0,
  scores: [
    {
      slot: 0,
      name: 'Player 1',
      colour: '#ff00ff',
      roundsWon: 1,
      alive: true,
      connected: true
    },
    {
      slot: 1,
      name: 'Player 2',
      colour: '#00ffff',
      roundsWon: 0,
      alive: false,
      connected: true
    }
  ],
  matchOver: false,
  round: 1,
  totalRounds: 2
}
Received S2C message: ROUND_END {
  type: 'ROUND_END',
  winnerSlot: 0,
  scores: [
    {
      slot: 0,
      name: 'Player 1',
      colour: '#ff00ff',
      roundsWon: 1,
      alive: true,
      connected: true
    },
    {
      slot: 1,
      name: 'Player 2',
      colour: '#00ffff',
      roundsWon: 0,
      alive: false,
      connected: true
    }
  ],
  matchOver: false,
  round: 1,
  totalRounds: 2
}
▶ Online economy across rounds
  ✔ opens a shop between rounds instead of ending the match (170.5237ms)
Received S2C message: ROOM_LIST { type: 'ROOM_LIST', rooms: [] }
Received S2C message: ROOM_STATE {
  type: 'ROOM_STATE',
  code: '8QS7',
  phase: 'lobby',
  hostSlot: 0,
  players: [
    {
      slot: 0,
      name: 'Player 1',
      colour: '#ff00ff',
      connected: true,
      alive: true,
      roundsWon: 0
    }
  ],
  round: 1,
  totalRounds: 1,
  createdAt: 1787444499206,
  playerToken: '9c7af2f42027f5e8230b92923380f695',
  yourSlot: 0
}
Received S2C message: ROOM_LIST { type: 'ROOM_LIST', rooms: [] }
Received S2C message: ROOM_STATE {
  type: 'ROOM_STATE',
  code: '8QS7',
  phase: 'lobby',
  hostSlot: 0,
  players: [
    {
      slot: 0,
      name: 'Player 1',
      colour: '#ff00ff',
      connected: true,
      alive: true,
      roundsWon: 0
    },
    {
      slot: 1,
      name: 'Player 2',
      colour: '#00ffff',
      connected: true,
      alive: true,
      roundsWon: 0
    }
  ],
  round: 1,
  totalRounds: 1,
  createdAt: 1787444499206,
  playerToken: 'd621c3524345eeaf7b5fd32fcee3fb7b',
  yourSlot: 1
}
Received S2C message: ROOM_STATE {
  type: 'ROOM_STATE',
  code: '8QS7',
  phase: 'lobby',
  hostSlot: 0,
  players: [
    {
      slot: 0,
      name: 'Player 1',
      colour: '#ff00ff',
      connected: true,
      alive: true,
      roundsWon: 0
    },
    {
      slot: 1,
      name: 'Player 2',
      colour: '#00ffff',
      connected: true,
      alive: true,
      roundsWon: 0
    }
  ],
  round: 1,
  totalRounds: 1,
  createdAt: 1787444499206
}
Received S2C message: ROUND_START {
  type: 'ROUND_START',
  seed: 3739801531,
  wind: -73,
  turnOrder: [ 0, 1 ],
  tanks: [
    { slot: 0, name: 'Player 1', colour: '#ff00ff' },
    { slot: 1, name: 'Player 2', colour: '#00ffff' }
  ],
  yourSlot: 1,
  config: {
    rounds: 2,
    startingCash: 10000,
    wallType: 'off',
    weaponsAvailability: 'all',
    gravity: 260,
    windVariability: 'changing-per-round',
    terrainStyle: 'random',
    hillCount: 'normal',
    flatness: 'normal'
  },
  round: 1,
  totalRounds: 2
}
Received S2C message: ROOM_STATE {
  type: 'ROOM_STATE',
  code: '8QS7',
  phase: 'lobby',
  hostSlot: 0,
  players: [
    {
      slot: 0,
      name: 'Player 1',
      colour: '#ff00ff',
      connected: true,
      alive: true,
      roundsWon: 0
    },
    {
      slot: 1,
      name: 'Player 2',
      colour: '#00ffff',
      connected: true,
      alive: true,
      roundsWon: 0
    }
  ],
  round: 1,
  totalRounds: 1,
  createdAt: 1787444499206
}
Received S2C message: ROUND_START {
  type: 'ROUND_START',
  seed: 3739801531,
  wind: -73,
  turnOrder: [ 0, 1 ],
  tanks: [
    { slot: 0, name: 'Player 1', colour: '#ff00ff' },
    { slot: 1, name: 'Player 2', colour: '#00ffff' }
  ],
  yourSlot: 0,
  config: {
    rounds: 2,
    startingCash: 10000,
    wallType: 'off',
    weaponsAvailability: 'all',
    gravity: 260,
    windVariability: 'changing-per-round',
    terrainStyle: 'random',
    hillCount: 'normal',
    flatness: 'normal'
  },
  round: 1,
  totalRounds: 2
}
Received S2C message: FIRE_SYNC {
  type: 'FIRE_SYNC',
  shotId: 1,
  shooterSlot: 0,
  angle: 85,
  power: 150,
  vx: 13.07336141214872,
  vy: -149.42920471376183,
  wind: -73,
  weapon: 'Baby Missile'
}
Received S2C message: FIRE_SYNC {
  type: 'FIRE_SYNC',
  shotId: 1,
  shooterSlot: 0,
  angle: 85,
  power: 150,
  vx: 13.07336141214872,
  vy: -149.42920471376183,
  wind: -73,
  weapon: 'Baby Missile'
}
Received S2C message: ROUND_END {
  type: 'ROUND_END',
  winnerSlot: 0,
  scores: [
    {
      slot: 0,
      name: 'Player 1',
      colour: '#ff00ff',
      roundsWon: 1,
      alive: true,
      connected: true
    },
    {
      slot: 1,
      name: 'Player 2',
      colour: '#00ffff',
      roundsWon: 0,
      alive: false,
      connected: true
    }
  ],
  matchOver: false,
  round: 1,
  totalRounds: 2
}
Received S2C message: ROUND_END {
  type: 'ROUND_END',
  winnerSlot: 0,
  scores: [
    {
      slot: 0,
      name: 'Player 1',
      colour: '#ff00ff',
      roundsWon: 1,
      alive: true,
      connected: true
    },
    {
      slot: 1,
      name: 'Player 2',
      colour: '#00ffff',
      roundsWon: 0,
      alive: false,
      connected: true
    }
  ],
  matchOver: false,
  round: 1,
  totalRounds: 2
}
Received S2C message: ROUND_START {
  type: 'ROUND_START',
  seed: 2530167777,
  wind: 57,
  turnOrder: [ 0, 1 ],
  tanks: [
    { slot: 0, name: 'Player 1', colour: '#ff00ff' },
    { slot: 1, name: 'Player 2', colour: '#00ffff' }
  ],
  yourSlot: 0,
  config: {
    rounds: 2,
    startingCash: 10000,
    wallType: 'off',
    weaponsAvailability: 'all',
    gravity: 260,
    windVariability: 'changing-per-round',
    terrainStyle: 'random',
    hillCount: 'normal',
    flatness: 'normal'
  },
  round: 2,
  totalRounds: 2
}
Received S2C message: TURN_SYNC { type: 'TURN_SYNC', activeSlot: 1, turnNumber: 1 }
Received S2C message: ROUND_START {
  type: 'ROUND_START',
  seed: 2530167777,
  wind: 57,
  turnOrder: [ 0, 1 ],
  tanks: [
    { slot: 0, name: 'Player 1', colour: '#ff00ff' },
    { slot: 1, name: 'Player 2', colour: '#00ffff' }
  ],
  yourSlot: 1,
  config: {
    rounds: 2,
    startingCash: 10000,
    wallType: 'off',
    weaponsAvailability: 'all',
    gravity: 260,
    windVariability: 'changing-per-round',
    terrainStyle: 'random',
    hillCount: 'normal',
    flatness: 'normal'
  },
  round: 2,
  totalRounds: 2
}
Received S2C message: TURN_SYNC { type: 'TURN_SYNC', activeSlot: 1, turnNumber: 1 }
  ✔ carries cash and inventory bought in the shop into the next round (278.0711ms)
Received S2C message: ROOM_LIST { type: 'ROOM_LIST', rooms: [] }
Received S2C message: ROOM_STATE {
  type: 'ROOM_STATE',
  code: 'D6TH',
  phase: 'lobby',
  hostSlot: 0,
  players: [
    {
      slot: 0,
      name: 'Player 1',
      colour: '#ff00ff',
      connected: true,
      alive: true,
      roundsWon: 0
    }
  ],
  round: 1,
  totalRounds: 1,
  createdAt: 1787444499479,
  playerToken: '1ccff3d2f7dda03a2b4d5d73106d2bc1',
  yourSlot: 0
}
Received S2C message: ROOM_LIST { type: 'ROOM_LIST', rooms: [] }
Received S2C message: ROOM_STATE {
  type: 'ROOM_STATE',
  code: 'D6TH',
  phase: 'lobby',
  hostSlot: 0,
  players: [
    {
      slot: 0,
      name: 'Player 1',
      colour: '#ff00ff',
      connected: true,
      alive: true,
      roundsWon: 0
    },
    {
      slot: 1,
      name: 'Player 2',
      colour: '#00ffff',
      connected: true,
      alive: true,
      roundsWon: 0
    }
  ],
  round: 1,
  totalRounds: 1,
  createdAt: 1787444499479,
  playerToken: 'd47650df8b0ca76a16c94efd626d79a1',
  yourSlot: 1
}
Received S2C message: ROOM_STATE {
  type: 'ROOM_STATE',
  code: 'D6TH',
  phase: 'lobby',
  hostSlot: 0,
  players: [
    {
      slot: 0,
      name: 'Player 1',
      colour: '#ff00ff',
      connected: true,
      alive: true,
      roundsWon: 0
    },
    {
      slot: 1,
      name: 'Player 2',
      colour: '#00ffff',
      connected: true,
      alive: true,
      roundsWon: 0
    }
  ],
  round: 1,
  totalRounds: 1,
  createdAt: 1787444499479
}
Received S2C message: ROUND_START {
  type: 'ROUND_START',
  seed: 2486303400,
  wind: -42,
  turnOrder: [ 0, 1 ],
  tanks: [
    { slot: 0, name: 'Player 1', colour: '#ff00ff' },
    { slot: 1, name: 'Player 2', colour: '#00ffff' }
  ],
  yourSlot: 1,
  config: {
    rounds: 1,
    startingCash: 10000,
    wallType: 'off',
    weaponsAvailability: 'all',
    gravity: 260,
    windVariability: 'changing-per-round',
    terrainStyle: 'random',
    hillCount: 'normal',
    flatness: 'normal'
  },
  round: 1,
  totalRounds: 1
}
Received S2C message: ROOM_STATE {
  type: 'ROOM_STATE',
  code: 'D6TH',
  phase: 'lobby',
  hostSlot: 0,
  players: [
    {
      slot: 0,
      name: 'Player 1',
      colour: '#ff00ff',
      connected: true,
      alive: true,
      roundsWon: 0
    },
    {
      slot: 1,
      name: 'Player 2',
      colour: '#00ffff',
      connected: true,
      alive: true,
      roundsWon: 0
    }
  ],
  round: 1,
  totalRounds: 1,
  createdAt: 1787444499479
}
Received S2C message: ROUND_START {
  type: 'ROUND_START',
  seed: 2486303400,
  wind: -42,
  turnOrder: [ 0, 1 ],
  tanks: [
    { slot: 0, name: 'Player 1', colour: '#ff00ff' },
    { slot: 1, name: 'Player 2', colour: '#00ffff' }
  ],
  yourSlot: 0,
  config: {
    rounds: 1,
    startingCash: 10000,
    wallType: 'off',
    weaponsAvailability: 'all',
    gravity: 260,
    windVariability: 'changing-per-round',
    terrainStyle: 'random',
    hillCount: 'normal',
    flatness: 'normal'
  },
  round: 1,
  totalRounds: 1
}
Received S2C message: FIRE_SYNC {
  type: 'FIRE_SYNC',
  shotId: 1,
  shooterSlot: 0,
  angle: 85,
  power: 150,
  vx: 13.07336141214872,
  vy: -149.42920471376183,
  wind: -42,
  weapon: 'Baby Missile'
}
Received S2C message: FIRE_SYNC {
  type: 'FIRE_SYNC',
  shotId: 1,
  shooterSlot: 0,
  angle: 85,
  power: 150,
  vx: 13.07336141214872,
  vy: -149.42920471376183,
  wind: -42,
  weapon: 'Baby Missile'
}
Received S2C message: ROUND_END {
  type: 'ROUND_END',
  winnerSlot: 0,
  scores: [
    {
      slot: 0,
      name: 'Player 1',
      colour: '#ff00ff',
      roundsWon: 1,
      alive: true,
      connected: true
    },
    {
      slot: 1,
      name: 'Player 2',
      colour: '#00ffff',
      roundsWon: 0,
      alive: false,
      connected: true
    }
  ],
  matchOver: true,
  round: 1,
  totalRounds: 1
}
Received S2C message: ROUND_END {
  type: 'ROUND_END',
  winnerSlot: 0,
  scores: [
    {
      slot: 0,
      name: 'Player 1',
      colour: '#ff00ff',
      roundsWon: 1,
      alive: true,
      connected: true
    },
    {
      slot: 1,
      name: 'Player 2',
      colour: '#00ffff',
      roundsWon: 0,
      alive: false,
      connected: true
    }
  ],
  matchOver: true,
  round: 1,
  totalRounds: 1
}
  ✔ ends the match after the final round (111.3329ms)
✔ Online economy across rounds (598.9463ms)
✔ protocol map structures are frozen (2.0385ms)
✔ validate rejects non-objects, null, and arrays (1.6432ms)
✔ validate rejects unknown or missing type (0.4979ms)
✔ C2S happy path validation (1.1797ms)
✔ S2C happy path validation (1.1999ms)
✔ validate rejects missing required fields (0.5712ms)
✔ validate rejects wrong primitive types (0.5091ms)
✔ validate rejects over-long name in SET_PROFILE (0.3183ms)
✔ validate rejects non-4 character code in JOIN_ROOM and REJOIN (0.4657ms)
✔ validate rejects non-finite numbers in FIRE (0.5526ms)
✔ ROOM_STATE validation with bad player object (0.3885ms)
✔ RESOLVE_SHOT accepts absent or well-formed eliminated slot array (0.5676ms)
✔ RESOLVE_SHOT rejects malformed eliminated slot array (0.4757ms)
▶ RoomManager rejoin() mechanics
  ✔ (1) valid token reclaims the same slot and returns the original seed, wind, live activeSlot (11.2456ms)
  ✔ (2) unknown token rejected, seats nobody (1.7673ms)
  ✔ (3) still-connected token rejected (1.0884ms)
  ✔ (4) rejoin into a parked room restores phase === "playing" (3.6881ms)
  ✔ (5) the reclaimed player can then fire() on their turn (1.1711ms)
✔ RoomManager rejoin() mechanics (30.7771ms)
✔ roomCode.normalize() trims, strips internal whitespace, dashes and upper-cases (1.9984ms)
✔ roomCode.isValid() checks constraints correctly (0.5025ms)
✔ roomCode.generate() works with and without injected rng (0.9274ms)
✔ roomCode.generateUnique() retries on collision and returns non-duplicate (0.5064ms)
✔ roomCode.generateUnique() throws when every attempt collides (1.0694ms)
▶ RoomManager security and resource limits
  ✔ rejects a colour outside the palette instead of relaying it (5.424ms)
  ✔ accepts a legitimate palette colour (0.8786ms)
  ✔ a long name is truncated and control characters stripped (0.8149ms)
  ✔ a non-host START_GAME does not overwrite the host config (3.0032ms)
  ✔ a second START_GAME cannot reset a running match (1.5992ms)
  ✔ one connection cannot occupy two slots in the same room (0.8142ms)
  ✔ one connection cannot hoard unlimited rooms (1.0604ms)
  ✔ disconnect releases the seat in EVERY room the connection holds (2.5411ms)
  ✔ an ended room is swept instead of leaking forever (1.9799ms)
✔ RoomManager security and resource limits (20.9095ms)
▶ RoomManager Room Sweep Tests
  ✔ sweep() on an empty manager returns cleanly (2.9442ms)
  ✔ all-disconnected room is swept past the threshold and retained before it (5.3913ms)
  ✔ room with any connected player is never swept even past the threshold (0.8223ms)
  ✔ stale lobby with <2 players is swept past MAX_LOBBY_MS and fresh one is retained (0.7842ms)
  ✔ lobby with >=2 players is NOT swept even past MAX_LOBBY_MS (2.1865ms)
  ✔ determinism: sweep(FIXED_TS) twice on identical managers gives identical results (1.5282ms)
✔ RoomManager Room Sweep Tests (17.6241ms)
▶ RoomManager Lifecycle & State Machine Tests
  ✔ create returns a valid 4-character code (3.3919ms)
  ✔ join by lower-case code with surrounding whitespace succeeds (1.2798ms)
  ✔ an unknown code is rejected with UNKNOWN_ROOM (1.2019ms)
  ✔ a 5th joiner is rejected with ROOM_FULL and the room stays at 4 (3.1336ms)
  ✔ a duplicate colour is rejected with COLOUR_TAKEN (1.2874ms)
  ✔ a non-host start is rejected with NOT_HOST (1.4229ms)
  ✔ a 1-player start is rejected with NOT_ENOUGH_PLAYERS (0.7213ms)
  ✔ a 2-player start emits ROUND_START to both with an identical seed but a different yourSlot (3.5156ms)
✔ RoomManager Lifecycle & State Machine Tests (19.6059ms)
▶ RoomManager wire-contract conformance
  ✔ every emitted frame validates against lib/protocol (4.0039ms)
  ✔ a broadcast ROOM_STATE never carries another player playerToken or connectionId (2.5107ms)
✔ RoomManager wire-contract conformance (7.2155ms)
▶ Round transition after a round-winning shot
  ✔ opens the shop after a direct hit wins round 2, with fuel untouched (65.0669ms)
  ✔ renders every shop row while holding a full sellable pack (12.5772ms)
  ✔ opens the shop when the round is won by splash damage instead (24.9722ms)
✔ Round transition after a round-winning shot (181.9437ms)
▶ Server Integration with RoomManager
  ✔ passes all requirements of the RoomManager dispatch (162.0952ms)
✔ Server Integration with RoomManager (164.308ms)
▶ HTTP Server Tests
  ✔ createServer should export and create a server without listening automatically (4.012ms)
  ✔ Server should serve GET / and GET /index.html as text/html with no-cache (96.3779ms)
  ✔ Server should reject non-GET/HEAD with 405 Method Not Allowed (13.7723ms)
  ✔ Server should prevent directory traversal and return 403 Forbidden (13.3917ms)
  ✔ Server should serve files under lib/ directory with correct MIME type (57.0129ms)
  ✔ Server should return 404 for non-existent path (9.5469ms)
✔ HTTP Server Tests (197.5712ms)
▶ shield catalogue
  ✔ covers the classic tiers, and the shop is generated from the same table (27.0603ms)
  ✔ the deflector split is real: some types deflect, some absorb (10.4122ms)
  ✔ priority is strongest first (7.1679ms)
✔ shield catalogue (47.2102ms)
▶ raising a shield
  ✔ raises the strongest owned and spends exactly that one (8.6704ms)
  ✔ returns null and leaves the tank bare when it owns nothing (7.4083ms)
  ✔ Auto Defense follows the same priority as the start-of-turn raise (15.7865ms)
  ✔ Auto Defense does nothing without the utility in stock (5.651ms)
✔ raising a shield (38.1602ms)
▶ Battery recharges to the raised shield's own cap
  ✔ tops a Super Magno Shield up past the old hard-coded 200 ceiling (6.2453ms)
  ✔ never overfills, and falls through to hp when the shield is already full (5.5646ms)
✔ Battery recharges to the raised shield's own cap (12.3674ms)
▶ deflect vs absorb at the hull
  ✔ a Mag Deflector bounces the shell instead of letting it detonate (8.5728ms)
  ✔ every deflecting type bounces; no absorbing type does (51.6082ms)
  ✔ a Force Shield absorbs a Missile outright — hp never moves (8.0782ms)
  ✔ a deflector that runs out of strength stops deflecting (6.7985ms)
  ✔ Auto Defense re-raises after a deflector collapses on a bounce (22.2871ms)
✔ deflect vs absorb at the hull (98.2142ms)
▶ buying
  ✔ one click buys one pack (23.5202ms)
  ✔ a bulk order multiplies both the charge and the delivery (20.1385ms)
  ✔ refuses a bulk order it cannot afford without charging for a partial one (7.0561ms)
  ✔ buys items as well as weapons (7.963ms)
  ✔ rejects an unknown id outright (6.635ms)
✔ buying (67.8295ms)
▶ selling
  ✔ returns cash and takes the items away (8.5534ms)
  ✔ a full buy-then-sell round trip is exact when the pack price divides evenly (12.5105ms)
  ✔ never refunds more than was paid, whatever the pack price rounds to (9.2512ms)
  ✔ refuses to sell more than is owned, and changes nothing when it does (6.8447ms)
  ✔ refuses to sell something never owned (5.8077ms)
  ✔ rejects an unknown id (5.5715ms)
  ✔ cannot be used to mint money by cycling a pack (18.9465ms)
✔ selling (68.4351ms)
▶ inventory across the round boundary
  ✔ survives startNextRound, and the tank is otherwise reset (9.2475ms)
✔ inventory across the round boundary (9.4478ms)
▶ Scorched Earth Smoke & Integration Tests
  ▶ Headless smoke test harness assertions
    ✔ Evaluation throws nothing, exporting SCORCHED (1.9244ms)
    ✔ One updateHUD() call followed by one draw() call completes without throwing (37.9716ms)
    ✔ terrain.heights.length === CONST.WORLD_W over a non-constant profile (6.0167ms)
    ✔ Page-level Terrain class generate(seed) yields identical heights for same seed and differs for different seeds (8.3464ms)
    ✔ Two tanks spawn on the terrain surface at hp === 100 (6.4092ms)
    ✔ Under a fixed seed, fire a Baby Missile at a fixed angle with fixed power toward the second tank, driving stepPhysics() inside a bounded loop (24.0396ms)
  ✔ Headless smoke test harness assertions (86.9535ms)
  ▶ Legacy test suite assertions
    ✔ Test 1: Headless initialization and start config (10.2328ms)
    ﹣ Test 2: Browser environment and modal interaction (0.2615ms) # SKIP
Net error: {
  type: 'CONNECTION_ERROR',
  error: Error: WebSocket is not defined
      at NetClient.connect (evalmachine.<anonymous>:611:65)
      at Timeout._onTimeout (evalmachine.<anonymous>:4071:17)
      at listOnTimeout (node:internal/timers:605:17)
      at process.processTimers (node:internal/timers:541:7)
}
Net error: {
  type: 'CONNECTION_ERROR',
  error: Error: WebSocket is not defined
      at NetClient.connect (evalmachine.<anonymous>:611:65)
      at Timeout._onTimeout (evalmachine.<anonymous>:4071:17)
      at listOnTimeout (node:internal/timers:605:17)
      at process.processTimers (node:internal/timers:541:7)
}
    ✔ Solo vs AI: landing button opens the panel and starts a local AI match (74.3333ms)
Net error: {
  type: 'CONNECTION_ERROR',
  error: Error: WebSocket is not defined
      at NetClient.connect (evalmachine.<anonymous>:611:65)
      at Timeout._onTimeout (evalmachine.<anonymous>:4071:17)
      at listOnTimeout (node:internal/timers:605:17)
      at process.processTimers (node:internal/timers:541:7)
}
Net error: {
  type: 'SEND_ERROR',
  error: TypeError: this.socket.send is not a function
      at NetClient.send (evalmachine.<anonymous>:728:27)
      at socket.onopen (evalmachine.<anonymous>:633:20)
      at TestContext.<anonymous> (C:\Users\user\Documents\scorched-earth\tests\smoke.test.js:1680:39)
      at Test.runInAsyncScope (node:async_hooks:228:14)
      at Test.run (node:internal/test_runner/test:1118:25)
      at Suite.processPendingSubtests (node:internal/test_runner/test:787:18)
      at Test.postRun (node:internal/test_runner/test:1247:19)
      at Test.run (node:internal/test_runner/test:1175:12)
      at async Promise.all (index 0)
      at async Suite.run (node:internal/test_runner/test:1533:7)
}
Received S2C message: ERROR { type: 'ERROR', code: 'ROOM_FULL', message: 'server full' }
Server ERROR: ROOM_FULL server full
Received S2C message: ERROR { type: 'ERROR', code: 'ROOM_FULL', message: 'ROOM_FULL' }
Server ERROR: ROOM_FULL ROOM_FULL
Net error: That room is already full. { type: 'ERROR', code: 'ROOM_FULL', message: 'ROOM_FULL' }
Net error: Connection error — retrying... {
  type: 'SOCKET_ERROR',
  error: Error: socket blew up
      at TestContext.<anonymous> (C:\Users\user\Documents\scorched-earth\tests\smoke.test.js:1800:22)
      at Test.runInAsyncScope (node:async_hooks:228:14)
      at Test.run (node:internal/test_runner/test:1118:25)
      at Suite.processPendingSubtests (node:internal/test_runner/test:787:18)
      at Test.postRun (node:internal/test_runner/test:1247:19)
      at Test.run (node:internal/test_runner/test:1175:12)
      at async Suite.processPendingSubtests (node:internal/test_runner/test:787:7)
}
    ✔ Solo vs AI: opponent count change re-renders the difficulty rows (60.0599ms)
    ﹣ Regression Test: Input behavior during roundOver (shop / match summary open) (0.2402ms) # SKIP
    ▶ Turn Cycle & Physics Tests
      ✔ Test 3.1: Symmetric Parabola (11.9904ms)
      ✔ Test 3.2: Wind effect (16.7728ms)
      ✔ Test 3.3: Wall Modes (off, rubber, wrap, concrete) (83.815ms)
      ✔ Test 3.4: Turn rotation skipping dead tanks (3.3436ms)
      ✔ Test 3.5: AI Autoshot and complete fire-to-impact cycle completely driven by stepPhysics (43.1128ms)
    ✔ Turn Cycle & Physics Tests (159.4845ms)
    ▶ Impact Resolution & Falling Tests
      ✔ Test 4.1: Direct hit reduces target hp and heights array differs (4.4245ms)
      ✔ Test 4.2: Tank standing over freshly carved crater falls, taking damage that scales with fall height (5.7618ms)
      ✔ Test 4.3: Parachute is consumed to take zero drop damage (3.7241ms)
      ✔ Test 4.4: Particle pool is safe, and particles can be spawned (simulated non-headless scenario) (20.7539ms)
      ✔ Test 4.5: A kill during flight leaves the turn order intact, with the turn still advancing (13.2387ms)
    ✔ Impact Resolution & Falling Tests (48.5414ms)
    ▶ Chunk 6: Arsenal, shields, multi-projectile
      ✔ Test 6.1: blast damage is absorbed by the shield before it reaches hp (16.4592ms)
      ✔ Test 6.2: REGRESSION — napalm burn must also be absorbed by the shield (8.0018ms)
      ✔ Test 6.3: with no shield, the napalm burn does reach hp (9.65ms)
      ✔ Test 6.4: Auto Defense raises a replacement when the burn collapses a shield (9.6538ms)
      ✔ Test 6.5: ammo decrements on fire; Baby Missile is unlimited (3.2108ms)
      ✔ Test 6.6: MIRV splits into 5 sub-projectiles at apex (51.2695ms)
      ✔ Test 6.7: a projectile with no weapon name must not crash the physics loop (2.9883ms)
    ✔ Chunk 6: Arsenal, shields, multi-projectile (102.3228ms)
    ▶ Chunk 7: Intermission Shop Economy & Payouts
      ✔ Test 7.1: Verify round-end payouts (damage, kills, and survival bonus) (4.9001ms)
      ✔ Test 7.2: Verify buy(tank, id) logic (2.8911ms)
      ✔ Test 7.3: Verify basic-only toggle filters non-basic weapons (2.9693ms)
    ✔ Chunk 7: Intermission Shop Economy & Payouts (11.0334ms)
    ✔ Test 8: Four-Opponent Match (unattended) (605.1204ms)
    ✔ Test 9: Cyborg Telemetry Correction (13.2155ms)
    ✔ Test 10: Poolshark Bounce Path (14.3786ms)
    ✔ Test 11: Seed Reproducibility (20.161ms)
    ✔ Test 12: Shot Leaving the World (3.4936ms)
    ✔ Test 13: Widened Projectile Flight-Lifetime Cap (37.1047ms)
    ✔ Test 14: Projectile Flight-Lifetime timeout resolves as a real impact (18.8821ms)
    ▶ NetClient tests
      ✔ should instantiate NetClient and derive dynamic WebSocket URL from location.host (4.183ms)
      ✔ should handle state transitions and callbacks (3.9992ms)
      ✔ should silently no-op when send is called on a non-open socket (2.4649ms)
      ✔ should handle parse errors and surface them through onError callback (4.9559ms)
      ✔ should render a server ERROR frame into the player-visible #error-msg (6.3589ms)
      ✔ should render a transport error without leaking the wrong object shape (5.8362ms)
      ✔ should send REJOIN message on reconnect if sessionStorage contains token (3.1309ms)
      ▶ Online Mode handleRoundEnd tests
        ✔ Test online mode handleRoundEnd does not call showMatchSummary, startShopIntermission, or startNextRound (12.4883ms)
        ✔ Test online mode handleRoundEnd when currentRound < rounds (3.1754ms)
        ✔ Test local mode handleRoundEnd continues to function as before (2.8539ms)
      ✔ Online Mode handleRoundEnd tests (18.7978ms)
Net error: {
  type: 'CONNECTION_ERROR',
  error: Error: WebSocket is not defined
      at NetClient.connect (evalmachine.<anonymous>:611:65)
      at Timeout._onTimeout (evalmachine.<anonymous>:4071:17)
      at listOnTimeout (node:internal/timers:605:17)
      at process.processTimers (node:internal/timers:541:7)
}
      ✔ should reconnect with exponential backoff (119.4922ms)
    ✔ NetClient tests (170.111ms)
  ✔ Legacy test suite assertions (1350.7323ms)
✔ Scorched Earth Smoke & Integration Tests (1438.8359ms)
▶ Solo play against AI opponents
  ✔ runs an all-AI round to a decisive finish (149.0052ms)
  ✔ drives every AI profile without stalling (390.2728ms)
  ✔ AI aim is fully deterministic from the shared seed (178.1279ms)
  ✔ carries the economy across a multi-round match (137.7969ms)
  ✔ accumulates damage and kill statistics for the match summary (63.5505ms)
✔ Solo play against AI opponents (922.0873ms)
▶ arming
  ✔ is in the shop and spends one on fire (59.4626ms)
  ✔ prefers the Proximity Fuse when a tank holds both, and spends only that (6.4052ms)
  ✔ arms nothing, and spends nothing, when the tank holds none (7.4856ms)
  ✔ the shell carries the armed trigger (33.8288ms)
✔ arming (109.6054ms)
▶ Contact Trigger overrides the delayed-detonation families
  ✔ a Roller detonates where it lands instead of rolling downhill (71.9819ms)
  ✔ a Sandhog detonates at the surface instead of tunnelling under it (106.1008ms)
  ✔ a Digger detonates at the surface instead of digging (51.9897ms)
✔ Contact Trigger overrides the delayed-detonation families (233.0487ms)
▶ Contact-triggered LeapFrog still hops
  ✔ produces the same number of detonations with and without the trigger (102.6409ms)
✔ Contact-triggered LeapFrog still hops (104.4933ms)
▶ Proximity Fuse
  ✔ air-bursts on a near miss that would otherwise sail past (17.5541ms)
  ✔ never trips on the shooter's own tank at the muzzle (31.4918ms)
  ✔ ignores a dead tank (6.0565ms)
  ✔ does not detonate a Tracer early — the trace is the point (6.6259ms)
✔ Proximity Fuse (62.1817ms)
▶ determinism
  ✔ Heavy Roller + no trigger replays identically (79.9969ms)
  ✔ Heavy Roller + contact replays identically (57.0789ms)
  ✔ Heavy Roller + proximity replays identically (85.6949ms)
  ✔ Heavy Sandhog + no trigger replays identically (135.3188ms)
  ✔ Heavy Sandhog + contact replays identically (38.49ms)
  ✔ Heavy Sandhog + proximity replays identically (146.274ms)
  ✔ LeapFrog + no trigger replays identically (68.0497ms)
  ✔ LeapFrog + contact replays identically (64.0925ms)
  ✔ LeapFrog + proximity replays identically (61.664ms)
  ✔ Missile + no trigger replays identically (42.8188ms)
  ✔ Missile + contact replays identically (45.7874ms)
  ✔ Missile + proximity replays identically (41.0733ms)
  ✔ a triggered shot actually differs from an untriggered one (83.9565ms)
✔ determinism (953.4623ms)
▶ RoomManager Turn Authority Tests
  ✔ verifies authorization, clamping, and turn-progression rules (8.0288ms)
  ✔ applies a shooter-reported elimination and the turn skips the dead slot (1.2334ms)
  ✔ ends the match when eliminations leave one survivor in the final round (1.0293ms)
  ✔ silently skips unknown and already-dead slots without throwing (5.1854ms)
  ✔ keeps the silent-no-op guards killing nobody: off-turn, stale shotId, replay (2.1644ms)
✔ RoomManager Turn Authority Tests (20.3287ms)
▶ Riot family — clears dirt without damaging tanks
  ✔ removes terrain and leaves a tank sitting on the impact point unhurt (37.6569ms)
  ✔ a same-sized explosive at the same point does hurt, so the test is meaningful (9.9289ms)
  ✔ scales up through the tier (43.223ms)
✔ Riot family — clears dirt without damaging tanks (92.9644ms)
▶ Sandhog family — tunnels downward before detonating
  ✔ detonates deeper than a Digger fired on the identical shot (94.9419ms)
  ✔ bores deeper the heavier the hog (123.5157ms)
  ✔ carves the shaft on the way down, not just a crater at the bottom (64.3799ms)
✔ Sandhog family — tunnels downward before detonating (283.489ms)
▶ LeapFrog — hops and re-explodes
  ✔ detonates three times, each hop further along the direction of travel (29.0007ms)
  ✔ a plain explosive fired identically detonates exactly once (17.196ms)
✔ LeapFrog — hops and re-explodes (46.7333ms)
▶ Dirt family — adds terrain instead of removing it
  ✔ every dirt weapon raises the total volume of dirt in the world (57.208ms)
  ✔ delivers more dirt the bigger the payload (44.32ms)
  ✔ buries without damaging (7.4987ms)
✔ Dirt family — adds terrain instead of removing it (109.575ms)
▶ Late-tier exotics
  ✔ Plasma Blast leaves the terrain untouched (6.8984ms)
  ✔ Plasma Blast still hits hard (9.4266ms)
  ✔ Earth Disrupter cuts a shaft far deeper than its blast radius explains (17.4132ms)
  ✔ Laser flies straight — wind does not bend it (219.914ms)
  ✔ a shell fired identically DOES get pushed by the wind (41.2398ms)
✔ Late-tier exotics (295.3726ms)
▶ Smoke Tracer
  ✔ does no damage and leaves a path behind (20.9022ms)
  ✔ leaves the terrain completely alone (5.426ms)
✔ Smoke Tracer (26.5684ms)
▶ weapon registry parity
  ✔ the client WEAPONS table and the server accept-list name the same weapons (11.3195ms)
  ✔ WEAPON_IDS has no duplicates (0.4052ms)
  ✔ the server accepts every registered weapon and downgrades unknown ones (6.8001ms)
✔ weapon registry parity (23.682ms)
▶ the Basic tier is enforced per room, not just hidden in the shop
  ✔ client and server agree on which weapons are Basic (2.9447ms)
  ✔ a Basic room downgrades a Meganuke to Baby Missile (1.7642ms)
  ✔ a Basic room still passes the Basic weapons through untouched (0.7025ms)
  ✔ an All room is unaffected (0.581ms)
  ✔ a room started with no weapon setting defaults to All, not Basic (0.8725ms)
  ✔ the fallback weapon is itself Basic, so the downgrade is always legal (0.4789ms)
✔ the Basic tier is enforced per room, not just hidden in the shop (8.2812ms)
▶ WebSocket endpoint on the shared HTTP server
  ✔ serves HTTP and accepts WebSocket upgrades on the same port (173.6929ms)
  ✔ does not break the static file server it is attached to (20.353ms)
  ✔ routes a valid C2S message to onMessage and delivers the reply (12.6027ms)
  ✔ rejects malformed JSON without dropping the connection (16.1898ms)
  ✔ rejects a message that fails protocol validation (9.1714ms)
  ✔ refuses a server-to-client type sent by a client (10.8575ms)
  ✔ refuses an oversized payload before parsing it (16.3721ms)
  ✔ unregisters a connection when it closes (61.8316ms)
  ✔ broadcasts to several connections at once (70.8073ms)
✔ WebSocket endpoint on the shared HTTP server (395.2519ms)
ℹ tests 257
ℹ suites 52
ℹ pass 255
ℹ fail 0
ℹ cancelled 0
ℹ skipped 2
ℹ todo 0
ℹ duration_ms 6039.0635
